[2026-01-01 17:20:26] Logging utility imported.
[2026-01-01 17:23:46] Logging utility imported.
[2026-01-01 17:23:46] {
  "status": "success",
  "message": "LogKeeper is operational."
}
[2026-01-01 17:25:42] Logging utility imported.
[2026-01-01 17:25:42] {
 "status": "success",
 "message": "LogKeeper is operational."
}
[2026-01-01 17:26:03] Logging utility imported.
[2026-01-01 17:26:03] {"status":"success","message":"LogKeeper is operational."}
[2026-01-01 17:26:12] Logging utility imported.
[2026-01-01 17:26:12] {
     "status": "success",
     "message": "LogKeeper is operational."
}
[2026-01-01 17:29:21] Logging utility imported.
[2026-01-01 17:29:21] {
  "status": "success",
  "message": "LogKeeper is operational."
}
