[2026-01-07 19:49:24] Server running on port : 3000
[2026-01-07 19:49:24] Server environment type : development
[2026-01-07 19:49:37] GET / 404 14ms
[2026-01-07 19:49:37] Unknown Route: GET /
[2026-01-07 19:49:37] Unknown Route: GET /favicon.ico
[2026-01-07 19:49:37] GET /favicon.ico 404 3ms
[2026-01-07 19:49:49] Unknown Route: GET /
[2026-01-07 19:49:49] GET / 404 6ms
[2026-01-07 19:49:49] Unknown Route: GET /favicon.ico
[2026-01-07 19:49:49] GET /favicon.ico 404 1ms
[2026-01-07 19:49:53] GET / 501 2ms
[2026-01-07 19:49:53] Unknown Route: GET /favicon.ico
[2026-01-07 19:49:53] GET /favicon.ico 404 2ms
[2026-01-07 19:50:29] GET / 501 2ms
[2026-01-07 19:50:29] Unknown Route: GET /favicon.ico
[2026-01-07 19:50:29] GET /favicon.ico 404 2ms
[2026-01-07 19:51:19] GET / 501 5ms
[2026-01-07 19:51:19] Unknown Route: GET /favicon.ico
[2026-01-07 19:51:19] GET /favicon.ico 404 2ms
[2026-01-07 19:55:39] GET / 501 1ms
[2026-01-07 19:55:39] Unknown Route: GET /favicon.ico
[2026-01-07 19:55:39] GET /favicon.ico 404 2ms
[2026-01-07 19:55:40] GET / 501 2ms
[2026-01-07 19:55:40] Unknown Route: GET /favicon.ico
[2026-01-07 19:55:40] GET /favicon.ico 404 2ms
[2026-01-07 19:55:46] GET / 501 2ms
[2026-01-07 19:55:46] Unknown Route: GET /favicon.ico
[2026-01-07 19:55:46] GET /favicon.ico 404 3ms
[2026-01-07 19:56:25] GET / 501 2ms
[2026-01-07 19:56:25] Unknown Route: GET /favicon.ico
[2026-01-07 19:56:25] GET /favicon.ico 404 1ms
[2026-01-07 19:56:35] GET / 501 1ms
[2026-01-07 19:56:35] Unknown Route: GET /favicon.ico
[2026-01-07 19:56:35] GET /favicon.ico 404 1ms
[2026-01-07 20:03:22] GET / 501 3ms
[2026-01-07 20:03:22] Unknown Route: GET /favicon.ico
[2026-01-07 20:03:22] GET /favicon.ico 404 1ms
[2026-01-07 20:03:39] GET / 501 1ms
[2026-01-07 20:03:40] Unknown Route: GET /favicon.ico
[2026-01-07 20:03:40] GET /favicon.ico 404 1ms
[2026-01-07 20:04:08] GET / 501 1ms
[2026-01-07 20:04:08] Unknown Route: GET /favicon.ico
[2026-01-07 20:04:08] GET /favicon.ico 404 2ms
[2026-01-07 20:05:01] GET / 501 1ms
[2026-01-07 20:05:02] Unknown Route: GET /favicon.ico
[2026-01-07 20:05:02] GET /favicon.ico 404 2ms
[2026-01-07 20:05:44] GET / 501 1ms
[2026-01-07 20:05:44] Unknown Route: GET /favicon.ico
[2026-01-07 20:05:44] GET /favicon.ico 404 2ms
[2026-01-07 20:06:22] GET / 501 1ms
[2026-01-07 20:06:22] Unknown Route: GET /favicon.ico
[2026-01-07 20:06:22] GET /favicon.ico 404 1ms
[2026-01-07 20:06:31] GET / 501 2ms
[2026-01-07 20:06:31] GET /favicon.ico 404 3ms
[2026-01-07 20:06:31] Unknown Route: GET /favicon.ico
[2026-01-07 20:07:14] GET / 501 1ms
[2026-01-07 20:07:14] Unknown Route: GET /favicon.ico
[2026-01-07 20:07:14] GET /favicon.ico 404 1ms
[2026-01-07 20:07:17] GET / 501 2ms
[2026-01-07 20:07:17] Unknown Route: GET /favicon.ico
[2026-01-07 20:07:17] GET /favicon.ico 404 1ms
[2026-01-07 20:07:31] GET / 501 3ms
[2026-01-07 20:07:31] Unknown Route: GET /favicon.ico
[2026-01-07 20:07:31] GET /favicon.ico 404 1ms
[2026-01-07 20:07:54] GET / 501 1ms
[2026-01-07 20:07:55] Unknown Route: GET /favicon.ico
[2026-01-07 20:07:55] GET /favicon.ico 404 1ms
[2026-01-07 20:08:07] GET / 501 1ms
[2026-01-07 20:08:07] Unknown Route: GET /favicon.ico
[2026-01-07 20:08:07] GET /favicon.ico 404 1ms
[2026-01-07 20:09:19] GET / 501 1ms
[2026-01-07 20:09:19] GET /favicon.ico 404 1ms
[2026-01-07 20:09:19] Unknown Route: GET /favicon.ico
[2026-01-07 20:09:31] Server running on port : 3000
[2026-01-07 20:09:31] Server environment type : development
[2026-01-07 20:09:32] GET /api 200
[2026-01-07 20:09:32] GET /favicon.ico 200
[2026-01-07 20:09:49] Server running on port : 3000
[2026-01-07 20:09:49] Server environment type : development
[2026-01-07 20:09:52] GET /api 200
[2026-01-07 20:09:52] GET /favicon.ico 200
[2026-01-07 20:10:07] Server running on port : 3000
[2026-01-07 20:10:07] Server environment type : development
[2026-01-07 20:10:09] GET /api 200
[2026-01-07 20:10:09] GET /favicon.ico 200
[2026-01-07 20:10:47] Server running on port : 3000
[2026-01-07 20:10:47] Server environment type : development
[2026-01-07 20:10:53] GET /api 200
[2026-01-07 20:10:53] GET /favicon.ico 200
[2026-01-07 20:11:15] Server environment type : development
[2026-01-07 20:11:15] Server running on port : 3000
[2026-01-07 20:11:18] GET /api 200
[2026-01-07 20:11:26] Server running on port : 3000
[2026-01-07 20:11:26] Server environment type : development
[2026-01-07 20:11:29] GET /api 200
[2026-01-07 22:24:29] GET /api/x 200
[2026-01-07 22:24:38] GET /x 200
[2026-01-07 22:25:24] Server running on port : 3000
[2026-01-07 22:25:24] Server environment type : development
[2026-01-07 22:25:28] GET /x 404
[2026-01-07 22:28:06] Server running on port : 3000
[2026-01-07 22:28:06] Server environment type : development
[2026-01-07 22:28:25] Server running on port : 3300
[2026-01-07 22:28:25] Server environment type : development
[2026-01-07 22:28:35] Server running on port : 3000
[2026-01-07 22:28:35] Server environment type : unspecified
[2026-01-07 22:30:26] Server running on port : 3300
[2026-01-07 22:30:26] Server environment type : development
[2026-01-07 22:30:41] Server running on port : 3000
[2026-01-07 22:30:41] Server environment type : development
[2026-01-07 22:30:43] GET /x 404
[2026-01-07 22:32:55] Server running on port : 3000
[2026-01-07 22:32:55] Server environment type : development
[2026-01-07 22:32:58] GET /x 404
[2026-01-07 22:33:01] GET / 501
